******************************************************************************
               TMS320C6x Linker PC v8.2.4                      
******************************************************************************
>> Linked Wed Oct 17 07:03:07 2018

OUTPUT FILE NAME:   <TimeMachine2.out>
ENTRY POINT SYMBOL: "_c_int00"  address: 11804ba0


MEMORY CONFIGURATION

         name            origin    length      used     unused   attr    fill
----------------------  --------  ---------  --------  --------  ----  --------
  VECTORS               11800000   00000200  00000200  00000000  RWIX
  DSPRAM                11800200   0003fe00  0000511c  0003ace4  RWIX
  SHAREDRAM             80000000   00020000  00000000  00020000  RWIX
  SDRAM                 c0000000   08000000  008ca000  07736000  RWIX


SEGMENT ALLOCATION MAP

run origin  load origin   length   init length attrs members
----------  ----------- ---------- ----------- ----- -------
11800000    11800000    00004e00   00004e00    r-x
  11800000    11800000    00000200   00000200    r-x vectors
  11800200    11800200    00004c00   00004c00    r-x .text
11804e00    11804e00    0000046c   00000000    rw-
  11804e00    11804e00    00000400   00000000    rw- .stack
  11805200    11805200    00000040   00000000    rw- .fardata
  11805240    11805240    0000002c   00000000    rw- .neardata
1180526c    1180526c    00000018   00000018    r--
  1180526c    1180526c    00000018   00000018    r-- .switch
11805284    11805284    00000008   00000000    rw-
  11805284    11805284    00000008   00000000    rw- .far
11805290    11805290    00000090   00000090    r--
  11805290    11805290    00000090   00000090    r-- .cinit
c0000000    c0000000    008ca000   00000000    rw-
  c0000000    c0000000    008ca000   00000000    rw- CE0


SECTION ALLOCATION MAP

 output                                  attributes/
section   page    origin      length       input sections
--------  ----  ----------  ----------   ----------------
vectors    0    11800000    00000200     
                  11800000    00000200     vectors.obj (vectors)

.neardata 
*          0    11805240    0000002c     UNINITIALIZED
                  11805240    00000028     ISRs_B.obj (.neardata)
                  11805268    00000004     LCDK_Support_DSP.obj (.neardata)

.cinit     0    11805290    00000090     
                  11805290    00000037     (.cinit..fardata.load) [load image, compression = rle]
                  118052c7    00000017     (.cinit..neardata.load) [load image, compression = rle]
                  118052de    0000000d     (.cinit.CE0.load) [load image, compression = rle]
                  118052eb    00000009     (.cinit..far.load) [load image, compression = rle]
                  118052f4    00000008     (__TI_handler_table)
                  118052fc    00000004     --HOLE-- [fill = 0]
                  11805300    00000020     (__TI_cinit_table)

.stack     0    11804e00    00000400     UNINITIALIZED
                  11804e00    00000008     rts6740_elf.lib : boot.obj (.stack)
                  11804e08    000003f8     --HOLE--

.text      0    11800200    00004c00     
                  11800200    000024e0     ISRs_B.obj (.text)
                  118026e0    00001100     LCDK_Support_DSP.obj (.text)
                  118037e0    000005c0     rts6740_elf.lib : divd.obj (.text:__c6xabi_divd)
                  11803da0    00000260                     : exp.obj (.text:exp)
                  11804000    000001a0     ISRs_B.obj (.text:retain)
                  118041a0    00000180     rts6740_elf.lib : ldexp.obj (.text:ldexp)
                  11804320    00000160                     : autoinit.obj (.text:_auto_init_elf)
                  11804480    00000100                     : copy_decompress_rle.obj (.text:__TI_decompress_rle_core)
                  11804580    00000100                     : cpy_tbl.obj (.text:copy_in)
                  11804680    000000e0                     : exit.obj (.text:exit)
                  11804760    000000e0                     : memset.obj (.text:memset)
                  11804840    000000c0                     : divu.obj (.text:__divu)
                  11804900    000000c0                     : tls.obj (.text:tls:init:__TI_tls_init)
                  118049c0    000000a0     main.obj (.text)
                  11804a60    000000a0     rts6740_elf.lib : memcpy64.obj (.text:memcpy)
                  11804b00    000000a0                     : modf.obj (.text:modf)
                  11804ba0    00000080                     : boot.obj (.text:_c_int00)
                  11804c20    00000060                     : llshift.obj (.text:__c6xabi_llshru)
                  11804c80    00000040                     : frcmpyd_div.obj (.text:__TI_frcmpyd_div)
                  11804cc0    00000040                     : args_main.obj (.text:_args_main)
                  11804d00    00000020     StartUp.obj (.text)
                  11804d20    00000020     rts6740_elf.lib : errno.obj (.text:__c6xabi_errno_addr)
                  11804d40    00000020                     : trunc.obj (.text:__c6xabi_trunc)
                  11804d60    00000020                     : startup.obj (.text:_system_post_cinit)
                  11804d80    00000020                     : pre_init.obj (.text:_system_pre_init)
                  11804da0    00000020                     : exit.obj (.text:abort)
                  11804dc0    00000020                     : copy_decompress_none.obj (.text:decompress:none:__TI_decompress_none)
                  11804de0    00000020                     : copy_decompress_rle.obj (.text:decompress:rle24:__TI_decompress_rle24)

.fardata   0    11805200    00000040     UNINITIALIZED
                  11805200    00000018     rts6740_elf.lib : exp.obj (.fardata:P$1)
                  11805218    00000018                     : exp.obj (.fardata:Q$2)
                  11805230    0000000c                     : exit.obj (.fardata)
                  1180523c    00000004                     : errno.obj (.fardata)

.switch    0    1180526c    00000018     
                  1180526c    00000018     LCDK_Support_DSP.obj (.switch:SetSampleRate_AIC3106)

.far       0    11805284    00000008     UNINITIALIZED
                  11805284    00000004     (.common:CodecDataIn)
                  11805288    00000004     (.common:CodecDataOut)

CE0        0    c0000000    008ca000     UNINITIALIZED
                  c0000000    008ca000     ISRs_B.obj (CE0)

MODULE SUMMARY

       Module                     code    ro data   rw data
       ------                     ----    -------   -------
    .\
       ISRs_B.obj                 9856    0         9216048
       LCDK_Support_DSP.obj       4352    24        4      
       vectors.obj                512     0         0      
       main.obj                   160     0         0      
       StartUp.obj                32      0         0      
    +--+--------------------------+-------+---------+---------+
       Total:                     14912   24        9216052
                                                           
    C:/ti/ccsv8/tools/compiler/ti-cgt-c6000_8.2.4/lib/rts6740_elf.lib
       divd.obj                   1472    0         0      
       exp.obj                    608     0         48     
       ldexp.obj                  384     0         0      
       autoinit.obj               352     0         0      
       copy_decompress_rle.obj    288     0         0      
       exit.obj                   256     0         12     
       cpy_tbl.obj                256     0         0      
       memset.obj                 224     0         0      
       divu.obj                   192     0         0      
       tls.obj                    192     0         0      
       memcpy64.obj               160     0         0      
       modf.obj                   160     0         0      
       boot.obj                   128     0         0      
       llshift.obj                96      0         0      
       args_main.obj              64      0         0      
       frcmpyd_div.obj            64      0         0      
       errno.obj                  32      0         4      
       copy_decompress_none.obj   32      0         0      
       pre_init.obj               32      0         0      
       startup.obj                32      0         0      
       trunc.obj                  32      0         0      
    +--+--------------------------+-------+---------+---------+
       Total:                     5056    0         64     
                                                           
       Stack:                     0       0         1024   
       Linker Generated:          0       140       0      
    +--+--------------------------+-------+---------+---------+
       Grand Total:               19968   164       9217140


LINKER GENERATED COPY TABLES

__TI_cinit_table @ 11805300 records: 4, size/record: 8, table size: 32
	.fardata: load addr=11805290, load size=00000037 bytes, run addr=11805200, run size=00000040 bytes, compression=rle
	.neardata: load addr=118052c7, load size=00000017 bytes, run addr=11805240, run size=0000002c bytes, compression=rle
	CE0: load addr=118052de, load size=0000000d bytes, run addr=c0000000, run size=008ca000 bytes, compression=rle
	.far: load addr=118052eb, load size=00000009 bytes, run addr=11805284, run size=00000008 bytes, compression=rle


LINKER GENERATED HANDLER TABLE

__TI_handler_table @ 118052f4 records: 2, size/record: 4, table size: 8
	index: 0, handler: __TI_decompress_rle24
	index: 1, handler: __TI_decompress_none


GLOBAL SYMBOLS: SORTED ALPHABETICALLY BY Name 

address   name                           
-------   ----                           
11802dd8  AIC3106_write_reg              
11804da0  C$$EXIT                        
11802b74  CheckForOverrun                
11805284  CodecDataIn                    
11805288  CodecDataOut                   
11804000  Codec_ISR                      
118026ec  DSP_Init                       
1180270c  DSP_Init_EDMA                  
1180290c  EnableInterrupts               
11802964  EnableInterrupts_EDMA          
118026e0  GetSampleFreq                  
118028a4  InitDigitalOutputs             
1180272c  InitLEDs                       
11802ba0  Init_AIC3106                   
118029d4  Init_I2C                       
118028d0  Init_Interrupts                
1180294c  Init_Interrupts_EDMA           
11802f94  Init_McASP0                    
11803644  Init_UART0                     
118034ac  Init_UART1                     
11803314  Init_UART2                     
11803780  IsDataReady_UART0              
118035ec  IsDataReady_UART1              
11803454  IsDataReady_UART2              
118037a8  IsTxReady_UART0                
11803614  IsTxReady_UART1                
11803480  IsTxReady_UART2                
11803714  Puts_UART0                     
11803580  Puts_UART1                     
118033ec  Puts_UART2                     
11800348  Ramp                           
11802b2c  ReadCodecData                  
11802888  ReadSwitches                   
11803754  Read_UART0                     
118035c4  Read_UART1                     
1180342c  Read_UART2                     
11802e18  Reset_AIC3106                  
11802a24  Reset_I2C                      
11802e44  SetSampleRate_AIC3106          
118003a0  Spin                           
11804d00  StartUp                        
11800314  Step                           
118002e0  Time                           
11802b4c  WriteCodecData                 
118028b0  WriteDigitalOutputs            
118027a0  WriteLEDs                      
11802a48  Write_I2C                      
118036ec  Write_UART0                    
11803550  Write_UART1                    
118033c0  Write_UART2                    
11800200  ZeroBuffer                     
11805300  __TI_CINIT_Base                
11805320  __TI_CINIT_Limit               
118052f4  __TI_Handler_Table_Base        
118052fc  __TI_Handler_Table_Limit       
UNDEFED   __TI_INITARRAY_Base            
UNDEFED   __TI_INITARRAY_Limit           
11805200  __TI_STACK_END                 
00000400  __TI_STACK_SIZE                
11805240  __TI_STATIC_BASE               
UNDEFED   __TI_TLS_INIT_Base             
UNDEFED   __TI_TLS_INIT_Limit            
11805230  __TI_cleanup_ptr               
11804dc0  __TI_decompress_none           
11804de0  __TI_decompress_rle24          
11805234  __TI_dtors_ptr                 
11805238  __TI_enable_exit_profile_output
11804c80  __TI_frcmpyd_div               
ffffffff  __TI_pprof_out_hndl            
ffffffff  __TI_prof_data_size            
ffffffff  __TI_prof_data_start           
11804900  __TI_tls_init                  
ffffffff  __binit__                      
118037e0  __c6xabi_divd                  
11804840  __c6xabi_divu                  
11804d20  __c6xabi_errno_addr            
11804c20  __c6xabi_llshru                
11804d40  __c6xabi_trunc                 
11804d40  __c6xabi_truncl                
ffffffff  __c_args__                     
11804840  __divu                         
1180523c  __errno                        
11804cc0  _args_main                     
11804320  _auto_init_elf                 
11804ba0  _c_int00                       
11804e00  _stack                         
11804d60  _system_post_cinit             
11804d80  _system_pre_init               
11804da0  abort                          
11805258  activeButton                   
ffffffff  binit                          
c0000000  buffer                         
11805250  bufferEnd                      
11804580  copy_in                        
1180268c  dryPlayback                    
1180523c  errno                          
11804680  exit                           
11803da0  exp                            
11803da0  expl                           
11805254  fluxCapacitor                  
1180524c  goBack                         
11802664  incTapTempoCounter             
118041a0  ldexp                          
118041a0  ldexpl                         
118049c0  main                           
11804a60  memcpy                         
11804760  memset                         
11804b00  modf                           
11804b00  modfl                          
11805264  oneBeat                        
1180525c  playbackIndex                  
11805244  recIndex                       
118025f0  recordCurrentSample            
11805260  sampleCounter                  
11805240  serialStore                    
11800260  setActiveButton                
11800414  setTimeMachine                 
118002c8  shiftTempoDown                 
118002b0  shiftTempoUp                   
11800278  tapTempo                       
11805248  time                           
11802558  timeMachine                    
118029a4  wait                           


GLOBAL SYMBOLS: SORTED BY Symbol Address 

address   name                           
-------   ----                           
00000400  __TI_STACK_SIZE                
11800200  ZeroBuffer                     
11800260  setActiveButton                
11800278  tapTempo                       
118002b0  shiftTempoUp                   
118002c8  shiftTempoDown                 
118002e0  Time                           
11800314  Step                           
11800348  Ramp                           
118003a0  Spin                           
11800414  setTimeMachine                 
11802558  timeMachine                    
118025f0  recordCurrentSample            
11802664  incTapTempoCounter             
1180268c  dryPlayback                    
118026e0  GetSampleFreq                  
118026ec  DSP_Init                       
1180270c  DSP_Init_EDMA                  
1180272c  InitLEDs                       
118027a0  WriteLEDs                      
11802888  ReadSwitches                   
118028a4  InitDigitalOutputs             
118028b0  WriteDigitalOutputs            
118028d0  Init_Interrupts                
1180290c  EnableInterrupts               
1180294c  Init_Interrupts_EDMA           
11802964  EnableInterrupts_EDMA          
118029a4  wait                           
118029d4  Init_I2C                       
11802a24  Reset_I2C                      
11802a48  Write_I2C                      
11802b2c  ReadCodecData                  
11802b4c  WriteCodecData                 
11802b74  CheckForOverrun                
11802ba0  Init_AIC3106                   
11802dd8  AIC3106_write_reg              
11802e18  Reset_AIC3106                  
11802e44  SetSampleRate_AIC3106          
11802f94  Init_McASP0                    
11803314  Init_UART2                     
118033c0  Write_UART2                    
118033ec  Puts_UART2                     
1180342c  Read_UART2                     
11803454  IsDataReady_UART2              
11803480  IsTxReady_UART2                
118034ac  Init_UART1                     
11803550  Write_UART1                    
11803580  Puts_UART1                     
118035c4  Read_UART1                     
118035ec  IsDataReady_UART1              
11803614  IsTxReady_UART1                
11803644  Init_UART0                     
118036ec  Write_UART0                    
11803714  Puts_UART0                     
11803754  Read_UART0                     
11803780  IsDataReady_UART0              
118037a8  IsTxReady_UART0                
118037e0  __c6xabi_divd                  
11803da0  exp                            
11803da0  expl                           
11804000  Codec_ISR                      
118041a0  ldexp                          
118041a0  ldexpl                         
11804320  _auto_init_elf                 
11804580  copy_in                        
11804680  exit                           
11804760  memset                         
11804840  __c6xabi_divu                  
11804840  __divu                         
11804900  __TI_tls_init                  
118049c0  main                           
11804a60  memcpy                         
11804b00  modf                           
11804b00  modfl                          
11804ba0  _c_int00                       
11804c20  __c6xabi_llshru                
11804c80  __TI_frcmpyd_div               
11804cc0  _args_main                     
11804d00  StartUp                        
11804d20  __c6xabi_errno_addr            
11804d40  __c6xabi_trunc                 
11804d40  __c6xabi_truncl                
11804d60  _system_post_cinit             
11804d80  _system_pre_init               
11804da0  C$$EXIT                        
11804da0  abort                          
11804dc0  __TI_decompress_none           
11804de0  __TI_decompress_rle24          
11804e00  _stack                         
11805200  __TI_STACK_END                 
11805230  __TI_cleanup_ptr               
11805234  __TI_dtors_ptr                 
11805238  __TI_enable_exit_profile_output
1180523c  __errno                        
1180523c  errno                          
11805240  __TI_STATIC_BASE               
11805240  serialStore                    
11805244  recIndex                       
11805248  time                           
1180524c  goBack                         
11805250  bufferEnd                      
11805254  fluxCapacitor                  
11805258  activeButton                   
1180525c  playbackIndex                  
11805260  sampleCounter                  
11805264  oneBeat                        
11805284  CodecDataIn                    
11805288  CodecDataOut                   
118052f4  __TI_Handler_Table_Base        
118052fc  __TI_Handler_Table_Limit       
11805300  __TI_CINIT_Base                
11805320  __TI_CINIT_Limit               
c0000000  buffer                         
ffffffff  __TI_pprof_out_hndl            
ffffffff  __TI_prof_data_size            
ffffffff  __TI_prof_data_start           
ffffffff  __binit__                      
ffffffff  __c_args__                     
ffffffff  binit                          
UNDEFED   __TI_INITARRAY_Base            
UNDEFED   __TI_INITARRAY_Limit           
UNDEFED   __TI_TLS_INIT_Base             
UNDEFED   __TI_TLS_INIT_Limit            

[123 symbols]
